


ARM Macro Assembler    Page 1 


    1 00000000                 AREA             RESET , DATA, READONLY
    2 00000000                 EXPORT           __Vectors
    3 00000000         __Vectors
    4 00000000 10000000        DCD              0X10000000
    5 00000004 00000000        DCD              Reset_Handler
    6 00000008                 AREA             MYCODE, CODE, READONLY
    7 00000000                 ENTRY
    8 00000000                 EXPORT           Reset_Handler
    9 00000000         Reset_Handler
   10 00000000 4812            LDR              R0,=N1
   11 00000002 4913            LDR              R1,=N2
   12 00000004 4C13            LDR              R4,=DST
   13 00000006 F04F 0504       MOV              R5,#4
   14 0000000A F04F 36FF       LDR              R6,=0xFFFFFFFF
   15 0000000E F386 8803       MSR              XPSR,R6
   16 00000012 F04F 0800       MOV              R8,#0
   17 00000016         UP
   18 00000016 F850 2B04       LDR              R2,[R0],#4
   19 0000001A F851 3B04       LDR              R3,[R1],#4
   20 0000001E EB72 0703       SBCS             R7,R2,R3
   21 00000022 F844 7B04       STR              R7,[R4],#4
   22 00000026 3D01            SUBS             R5,#1
   23 00000028 D1F5            BNE              UP
   24 0000002A         STOP
   25 0000002A E7FE            B                STOP
   26 0000002C 00000005 
              00000001 
              00000003 
              00000037 N2      DCD              5,1,3,55
   27 0000003C 00000001 
              00000005 
              00000002 
              00000032 N1      DCD              1,5,2,50
   28 0000004C 00000000 
              00000000 
              00000000         AREA             MYDATA, DATA, READWRITE
   29 00000000 00000000 
                       DST     DCD              0
   30 00000004                 END
Command Line: --debug --xref --cpu=Cortex-M3 --apcs=interwork --depend=.\sub128
.d -o.\sub128.o -IC:\Keil\ARM\RV31\INC -IC:\Keil\ARM\CMSIS\Include -IC:\Keil\AR
M\Inc\NXP\LPC17xx --predefine="__EVAL SETA 1" --list=.\sub128.lst SUB128.S



ARM Macro Assembler    Page 1 Alphabetic symbol ordering
Relocatable symbols

RESET 00000000

Symbol: RESET
   Definitions
      At line 1 in file SUB128.S
   Uses
      None
Comment: RESET unused
__Vectors 00000000

Symbol: __Vectors
   Definitions
      At line 3 in file SUB128.S
   Uses
      At line 2 in file SUB128.S
Comment: __Vectors used once
2 symbols



ARM Macro Assembler    Page 1 Alphabetic symbol ordering
Relocatable symbols

MYCODE 00000000

Symbol: MYCODE
   Definitions
      At line 6 in file SUB128.S
   Uses
      None
Comment: MYCODE unused
N1 0000003C

Symbol: N1
   Definitions
      At line 27 in file SUB128.S
   Uses
      At line 10 in file SUB128.S
Comment: N1 used once
N2 0000002C

Symbol: N2
   Definitions
      At line 26 in file SUB128.S
   Uses
      At line 11 in file SUB128.S
Comment: N2 used once
Reset_Handler 00000000

Symbol: Reset_Handler
   Definitions
      At line 9 in file SUB128.S
   Uses
      At line 5 in file SUB128.S
      At line 8 in file SUB128.S

STOP 0000002A

Symbol: STOP
   Definitions
      At line 24 in file SUB128.S
   Uses
      At line 25 in file SUB128.S
Comment: STOP used once
UP 00000016

Symbol: UP
   Definitions
      At line 17 in file SUB128.S
   Uses
      At line 23 in file SUB128.S
Comment: UP used once
6 symbols



ARM Macro Assembler    Page 1 Alphabetic symbol ordering
Relocatable symbols

DST 00000000

Symbol: DST
   Definitions
      At line 29 in file SUB128.S
   Uses
      At line 12 in file SUB128.S
Comment: DST used once
MYDATA 00000000

Symbol: MYDATA
   Definitions
      At line 28 in file SUB128.S
   Uses
      None
Comment: MYDATA unused
2 symbols
343 symbols in table
