


ARM Macro Assembler    Page 1 


    1 00000000                 AREA             RESET,DATA,READONLY
    2 00000000                 EXPORT           __Vectors
    3 00000000         __Vectors
    4 00000000 10001000        DCD              0x10001000
    5 00000004 00000000        DCD              Reset_Handler
    6 00000008                 ALIGN
    7 00000008                 AREA             mycode,CODE,READONLY
    8 00000000                 ENTRY
    9 00000000                 EXPORT           Reset_Handler
   10 00000000         Reset_Handler
   11 00000000         ;THIS IS A PROGRAM TO ADD TWO 128 BIT NOS\\;
   12 00000000 4812            LDR              R0,=SRC
   13 00000002 4913            LDR              R1,=SRC2
   14 00000004 F04F 0804       MOV              R8,#4
   15 00000008 4E12            LDR              R6,=DST
   16 0000000A F04F 0500       MOV              R5,#0
   17 0000000E 6802    UP      LDR              R2,[R0]
   18 00000010 680B            LDR              R3,[R1]
   19 00000012 1AD4            SUBS             R4,R2,R3
   20 00000014 6034            STR              R4,[R6]
   21 00000016 F100 0004       ADD              R0,#4
   22 0000001A F101 0104       ADD              R1,#4
   23 0000001E F106 0604       ADD              R6,#4
   24 00000022 F1B8 0801       SUBS             R8,#1
   25 00000026         
   26 00000026         
   27 00000026         
   28 00000026 D1F2            BNE              UP
   29 00000028         STOP
   30 00000028 E7FE            B                STOP
   31 0000002A 00 00 00000005 
              00000001 
              00000002 
              00000037 SRC     DCD              5,1,2,55
   32 0000003C 00000001 
              00000002 
              00000003 
              00000004 SRC2    DCD              1,2,3,4
   33 0000004C 00000000 
              00000000 
              00000000         AREA             mydata,DATA,READWRITE
   34 00000000 00000000 
                       DST     DCD              0
   35 00000004                 END
Command Line: --debug --xref --cpu=Cortex-M3 --apcs=interwork --depend=.\subtra
ct128.d -o.\subtract128.o -IC:\Keil\ARM\RV31\INC -IC:\Keil\ARM\CMSIS\Include -I
C:\Keil\ARM\Inc\NXP\LPC17xx --predefine="__EVAL SETA 1" --list=.\subtract128.ls
t SUBTRACT128.S



ARM Macro Assembler    Page 1 Alphabetic symbol ordering
Relocatable symbols

RESET 00000000

Symbol: RESET
   Definitions
      At line 1 in file SUBTRACT128.S
   Uses
      None
Comment: RESET unused
__Vectors 00000000

Symbol: __Vectors
   Definitions
      At line 3 in file SUBTRACT128.S
   Uses
      At line 2 in file SUBTRACT128.S
Comment: __Vectors used once
2 symbols



ARM Macro Assembler    Page 1 Alphabetic symbol ordering
Relocatable symbols

Reset_Handler 00000000

Symbol: Reset_Handler
   Definitions
      At line 10 in file SUBTRACT128.S
   Uses
      At line 5 in file SUBTRACT128.S
      At line 9 in file SUBTRACT128.S

SRC 0000002C

Symbol: SRC
   Definitions
      At line 31 in file SUBTRACT128.S
   Uses
      At line 12 in file SUBTRACT128.S
Comment: SRC used once
SRC2 0000003C

Symbol: SRC2
   Definitions
      At line 32 in file SUBTRACT128.S
   Uses
      At line 13 in file SUBTRACT128.S
Comment: SRC2 used once
STOP 00000028

Symbol: STOP
   Definitions
      At line 29 in file SUBTRACT128.S
   Uses
      At line 30 in file SUBTRACT128.S
Comment: STOP used once
UP 0000000E

Symbol: UP
   Definitions
      At line 17 in file SUBTRACT128.S
   Uses
      At line 28 in file SUBTRACT128.S
Comment: UP used once
mycode 00000000

Symbol: mycode
   Definitions
      At line 7 in file SUBTRACT128.S
   Uses
      None
Comment: mycode unused
6 symbols



ARM Macro Assembler    Page 1 Alphabetic symbol ordering
Relocatable symbols

DST 00000000

Symbol: DST
   Definitions
      At line 34 in file SUBTRACT128.S
   Uses
      At line 15 in file SUBTRACT128.S
Comment: DST used once
mydata 00000000

Symbol: mydata
   Definitions
      At line 33 in file SUBTRACT128.S
   Uses
      None
Comment: mydata unused
2 symbols
343 symbols in table
