


ARM Macro Assembler    Page 1 


    1 00000000                 AREA             RESET,DATA,READONLY
    2 00000000                 EXPORT           __Vectors
    3 00000000         __Vectors
    4 00000000 10001000        DCD              0X10001000
    5 00000004 00000000        DCD              Reset_Handler
    6 00000008                 ALIGN
    7 00000008                 AREA             mycode,CODE,READONLY
    8 00000000                 ENTRY
    9 00000000                 EXPORT           Reset_Handler
   10 00000000         Reset_Handler
   11 00000000 480A            LDR              R0,=NUM
   12 00000002 6801            LDR              R1,[R0]
   13 00000004 4A0A            LDR              R2,=RESULT
   14 00000006 F04F 0300       MOV              R3,#0
   15 0000000A F04F 0401       MOV              R4,#1
   16 0000000E F802 3B01       STRB             R3,[R2],#1
   17 00000012         LOOP
   18 00000012 F802 4B01       STRB             R4,[R2],#1
   19 00000016 EB03 0504       ADD              R5,R3,R4
   20 0000001A 4623            MOV              R3,R4
   21 0000001C 462C            MOV              R4,R5
   22 0000001E F1A1 0101       SUB              R1,#1
   23 00000022 2900            CMP              R1,#0
   24 00000024 D1F5            BNE              LOOP
   25 00000026         
   26 00000026         
   27 00000026         
   28 00000026         
   29 00000026         STOP
   30 00000026 E7FE            B                STOP
   31 00000028 00000007 
                       NUM     DCD              7
   32 0000002C 00000000 
              00000000         AREA             mydata,DATA,READWRITE
   33 00000000 00000000 
                       RESULT  DCD              0
   34 00000004                 END
Command Line: --debug --xref --cpu=Cortex-M3 --apcs=interwork --depend=.\fibona
cci.d -o.\fibonacci.o -IC:\Keil\ARM\RV31\INC -IC:\Keil\ARM\CMSIS\Include -IC:\K
eil\ARM\Inc\NXP\LPC17xx --predefine="__EVAL SETA 1" --list=.\fibonacci.lst fibo
nacci.s



ARM Macro Assembler    Page 1 Alphabetic symbol ordering
Relocatable symbols

RESET 00000000

Symbol: RESET
   Definitions
      At line 1 in file fibonacci.s
   Uses
      None
Comment: RESET unused
__Vectors 00000000

Symbol: __Vectors
   Definitions
      At line 3 in file fibonacci.s
   Uses
      At line 2 in file fibonacci.s
Comment: __Vectors used once
2 symbols



ARM Macro Assembler    Page 1 Alphabetic symbol ordering
Relocatable symbols

LOOP 00000012

Symbol: LOOP
   Definitions
      At line 17 in file fibonacci.s
   Uses
      At line 24 in file fibonacci.s
Comment: LOOP used once
NUM 00000028

Symbol: NUM
   Definitions
      At line 31 in file fibonacci.s
   Uses
      At line 11 in file fibonacci.s
Comment: NUM used once
Reset_Handler 00000000

Symbol: Reset_Handler
   Definitions
      At line 10 in file fibonacci.s
   Uses
      At line 5 in file fibonacci.s
      At line 9 in file fibonacci.s

STOP 00000026

Symbol: STOP
   Definitions
      At line 29 in file fibonacci.s
   Uses
      At line 30 in file fibonacci.s
Comment: STOP used once
mycode 00000000

Symbol: mycode
   Definitions
      At line 7 in file fibonacci.s
   Uses
      None
Comment: mycode unused
5 symbols



ARM Macro Assembler    Page 1 Alphabetic symbol ordering
Relocatable symbols

RESULT 00000000

Symbol: RESULT
   Definitions
      At line 33 in file fibonacci.s
   Uses
      At line 13 in file fibonacci.s
Comment: RESULT used once
mydata 00000000

Symbol: mydata
   Definitions
      At line 32 in file fibonacci.s
   Uses
      None
Comment: mydata unused
2 symbols
342 symbols in table
